src/admin/components/libraries/AdminBackgroundLibrary.tsx(7,10): error TS2305: Module '"../../../utils/stringUtils"' has no exported member 'smartIncludes'.
src/admin/components/libraries/AdminCounterLibrary.tsx(7,10): error TS2305: Module '"../../../utils/stringUtils"' has no exported member 'smartIncludes'.
src/admin/components/libraries/AdminSkillLibrary.tsx(8,10): error TS2305: Module '"../../../utils/stringUtils"' has no exported member 'smartIncludes'.
src/admin/components/libraries/AdminSpecializationLibrary.tsx(5,10): error TS2305: Module '"../../../utils/stringUtils"' has no exported member 'smartIncludes'.
src/admin/components/libraries/AdminTraitLibrary.tsx(8,10): error TS2305: Module '"../../../utils/stringUtils"' has no exported member 'smartIncludes'.
src/components/LibraryView.tsx(9,10): error TS2305: Module '"../utils/stringUtils"' has no exported member 'smartIncludes'.
src/components/specialization-library/SpecializationLibraryDrawer.tsx(5,10): error TS2305: Module '"../../utils/stringUtils"' has no exported member 'smartIncludes'.
src/components/specialization-library/SpecializationLibraryView.tsx(7,10): error TS2305: Module '"../../utils/stringUtils"' has no exported member 'smartIncludes'.
src/components/specialization-library/SpecializationOmnibar.tsx(6,10): error TS2305: Module '"../../utils/stringUtils"' has no exported member 'smartIncludes'.
src/components/TraitLibrary.tsx(9,10): error TS2305: Module '"../utils/stringUtils"' has no exported member 'smartIncludes'.
src/services/RuleCalculationsService.ts(165,50): error TS2339: Property 'name' does not exist on type 'DotEntry | DotEntry[]'.
  Property 'name' does not exist on type 'DotEntry[]'.
